[ex-nova.com/th/index80be.html]
[ex-nova.com/lp/attribute-client/attribute-client.modern.js]
[cdn.jsdelivr.net/npm/qr-creator/dist/qr-creator.min.js]
[backblue.gif]
[fade.gif]
[index.html]
[static.cdnroute.io/lp/exnova/svstatic/client/main.3710468729.css]
[static.cdnroute.io/lp/exnova/svstatic/assets/public/global.css]
[static.cdnroute.io/lp/exnova/svstatic/assets/public/favicon-16x16.png]
[static.cdnroute.io/lp/exnova/svstatic/assets/public/favicon-32x32.png]
[static.cdnroute.io/lp/exnova/svstatic/assets/intro/man-working-on-a-laptop.jpg]
[static.cdnroute.io/lp/exnova/svstatic/assets/platform/exnova.video_poster-new.png]
[static.cdnroute.io/lp/exnova/svstatic/assets/features/feat-1.png]
[static.cdnroute.io/lp/exnova/svstatic/assets/features/feat-2.png]
[static.cdnroute.io/lp/exnova/svstatic/assets/features/feat-3.png]
[static.cdnroute.io/lp/exnova/svstatic/assets/features/feat-4.png]
[static.cdnroute.io/lp/exnova/svstatic/assets/tutorial/bg-new.png]
[static.cdnroute.io/lp/exnova/svstatic/assets/tutorial/mobile.png]
[static.cdnroute.io/lp/exnova/svstatic/assets/awards/award1.jpg]
[static.cdnroute.io/lp/exnova/svstatic/assets/awards/award2.jpg]
[static.cdnroute.io/lp/exnova/svstatic/assets/awards/award3.jpg]
[static.cdnroute.io/lp/exnova/svstatic/assets/reviews/Jorge2021.jpg]
[static.cdnroute.io/lp/exnova/svstatic/assets/reviews/DiogoVieira.jpg]
[static.cdnroute.io/lp/exnova/svstatic/assets/reviews/Madsen_Invest.jpg]
[static.cdnroute.io/lp/exnova/svstatic/assets/reviews/Oliveira88.jpg]
[static.cdnroute.io/lp/exnova/svstatic/assets/reviews/dannyofficial.jpg]
[static.cdnroute.io/lp/exnova/svstatic/assets/reviews/amarianaferreiraaa.jpg]
[static.cdnroute.io/lp/exnova/svstatic/assets/reviews/DioneyFM.jpg]
[static.cdnroute.io/lp/exnova/svstatic/assets/reviews/vaibatatinha3348.jpg]
[static.cdnroute.io/lp/exnova/svstatic/assets/steps/3steps-right-img-desktop.jpg]
[static.cdnroute.io/lp/exnova/svstatic/assets/steps/3steps-right-img-mobile.jpg]
[static.cdnroute.io/lp/exnova/svstatic/client/client.93cff2ef.js]
[ex-nova.com/th/index80be.html]
[static.cdnroute.io/lp/exnova/svstatic/assets/platform/mobile.jpg]
[static.cdnroute.io/lp/exnova/svstatic/assets/tutorial/mobile-flipped.png]
[static.cdnroute.io/lp/exnova/svstatic/assets/tutorial/bg-768.png]
[static.cdnroute.io/lp/exnova/svstatic/assets/intro/free-demo.jpg]
[static.cdnroute.io/lp/exnova/svstatic/assets/intro/mobile-new.jpg]
[static.cdnroute.io/lp/exnova/svstatic/assets/header/close.png]
[static.cdnroute.io/lp/exnova/svstatic/client/main.3710468729.css]
[static.cdnroute.io/lp/exnova/svstatic/assets/public/global.css]
[ex-nova.com/client/shimport@1.0.1.js]
